// Jest Snapshot v1, https://goo.gl/fbAQLP

exports[`cli() should convert example file 1`] = `
"# Test

## Data URL

source:

\`\`\`markdown
![avatar_fillstyle-3B82F6-avatar_padding-2](avatar:data:image/png;base64,iVBORw0KGgoAAAANSUhEUgAAADAAAAAwCAMAAABg3Am1AAABxVBMVEX////+9Pb+9ff4rr7ycYzuQ2jsLFXrGUbqEkDqFkPsKFLuO2HxYoD2m6795uvzeJLrHUnqFEHwWXn6ytT//v72mKzqE0Hyaof+8vX+9vjxW3vsJU/xZILzfZb1kKb0hZ3ybortOV/tM1v83OPvS276w87//P384Obzd5LqGETsJlD71t7//f3rGkf4qrv83uTuP2T95er1j6T7ztfwWnrvTG782+LqF0TrHEj7z9j++PrvTW/2ma33obP96OzrI03+8PPvRmr3orT1k6jzfJX5v8vtMlntM1rtL1f709zzdI/71N33qbr4sL/xYH/0hJzxXHzyaIbqFULzdpHrH0rwWHj1iaDwUHLtNVzwUXPtNFz2nbD1jqTya4jsJ1H94+nyaIXvRWnzdY/84uj97fHtN17rIk3xXX396+/4ssH/+/zvSWz5t8XwVnf4tMLybYn70dr5u8jyaYb5vsvtMVntMFj6xND/+vvzepT0f5j6ydT3pbb6zNbyco30gJj/+fvvSm32lKn83uX0g5vrHkrwVXbwUnT4tsTrIEvuQGX4q7zsK1T+7vL84efxYYDsJE7xX371jKL6xdH6x9L2nK/xZoP3qLkktsJBAAACNklEQVRIx91UZ1sTQRBeE4gXIkHxQJSEIvFQjIi9BxErApEoUSOCClgQLBgUFUWs2Bvye513LwlxdxbJNx/nwz03b9k+I8T/G8uWLvV4i4p9yy1/SWBFafDv8mDZSmshVpWvXlxuV+TLEZVrqhbRr13nqqpD4Zrauno3Wd9g1kekIrLBcfPGjZuQN2026KPloLc050FbWwD5tvGG7XK4HX8e2U6AuxxOv3sPUXv3Kej+A3Ac5AxyrEMaHGsiuPWwrm+oJKLN1okjGKhdx48CP8bM7Bwn4oQG2ycBMxMIUYOhTmkrAtrBnt5pdk2dQLtYg11NVLeKxmGIsQZxhqiACvYQmIjyhrPEnVPBXrw5Xi+SmF297POEXTAYSmFQX/lFwlIGwyUY1JrFw2g1GPpQSOr+LqMgHd4QJq6f3dgAb7hC1FUV7IKhmTekiLqmgoMw1OUDub8hvONObZhh1OLCJgav37iZ+fUS4x/SDLWY4lY2G7lN+xx1/9EaxvSFDvgJrx/JZHdk/7iL27qHv/vM1sZBJLPZgzTSiYfiUTHOiCuUIJpeYjSbeiYTuJrwY3yfsKf3VLYlby6fCmT7ZZg/bvFMNtPnuVcznZSdz3oxbTA4Icn3zzS6+ctXryUQtw0GEZ3MrCH1pme8N51r4W9jJod451Pa/ex72c4/GB2emYk8+cf4JyeJC7LGPhst9lTfl8jw13TLt+8/ZBH8RMuy5sTSo+qXZYUK0FPMt3kKMwi7QP2/Hb8BC0lMdjCVM0EAAAAASUVORK5CYII=)
\`\`\`

yield:

![avatar_fillstyle-3B82F6-avatar_padding-2](data:image/png;base64,iVBORw0KGgoAAAANSUhEUgAAADAAAAAwCAYAAABXAvmHAAAABmJLR0QA/wD/AP+gvaeTAAAMu0lEQVRogbWaeXBVVZ7HP+fc+9a8JJAFCEsIa1ikARHCvmhbFrRWa+uUPUOrDNXIqFP2jKOt0wx2EAWr1R5rnJqGYUaZtpHpYrpcgXaUTUG2RkDtYgdJSCAEkpDk7feeM3/c5GV595kAme9f7553lu/vd875bfcKegBzy5v7WdK4HXSZRo8CMRTIB0ItXZqBq6DPCsRxNPtMrXbsLA9dutm1xY0OnLKqMd+0zIVC8xCC225wmoNa8LZlWO8c+EXO1RuZ4LoFKCuPDDQETwvBEiAIEPDChGKDCYMlQwoFA/MkvbMg4HWmjyY0dc1woU5xrlZzpEJxtMImmkhNGwbWKcmre/8pWPX/IsCktdoTuBx9XGteBEICKBtu8IPxBjNLDTzG9SwLCQt2n7TZfMTmwBkb7TRHhNavZPcOrt76pIj3mAAzVsZK0er3wHiAeWMMFs0yGdZHXh/rDDhdo3jrM4tdx+1WVkeELR/cXe4/2dXYLgWYviJyvxCsB0ID8wTPLPAyaUj3iGvLRpjd35qDZxWvbU1woU4DNAnNI7t/GXz3u8Z8pwDTX4guEuh1gDl3tMFz93gI+dKHaKXQ9U3YlZdQNXXopjA6GkdHYgi/F+H3IYJ+REEvjIF9kX3zEF6P65qRBLyyOcEn39gANui/3fN81prrFmDGyvBStFgjgL+e42HxbDOduG2jqmpJ7v2K5JfHsE+cx66sQdc3osMxsCyQAhEMILKDyH75GMMHYX5vJJ6p4zBHD0EEfK7rb/jCYs22JBrQgie/WB58o9sCtByb3wsw/mGBh3sndSKvNTqWIPHxXmLv7cA6dAx16QoonUkfHRfNDWGMGYrvzjJ8D9yJLCpAyHQq7x6y+PWWJBpsKfQDny/Peq9LAaaVx4ZLaR8CkfM3t3v4yYx0zatwlOjr7xB/dwf2+eqOxP1ejBHFyKICZG4IHUugrjRgn6pAX2nouHh+Lt4ZEwj+/BGM0hJXIf7rc4t1O5MAzUoZk/eW+45nFGBsufb2ktEDwPg7xhqs+JE3bUIdT9D87L8Qf38nujHcNlFhb3x3z8J31zTkwL7O0fCYoBQ6nkTXXSN56BjxTZ9ifX2qTWiPiWfiKEKvP41ZOjhtPYAX3kvwv1/bAIdjfQNlh5aKpKsAM1+IPqfRqwfmCd5a4ifQmb9SND33BrHfbYF4ixeSAk/ZOIJ/vxBz0mhEdhAhJYiO2tRaQyyOfeEysbc3E9uwBd3QnJrDGDeCXv+9GtknL02AcBwWr4tRVa8BntnzfPDV1v9SNm7ai5EBQrMJ8K6830dxQfp2RjdsIfLPGyDWQt408N4+mexf/Qxz4ihk0O9KHkAIgfCYiLwcvGW3IAJ+rG/OQCQGGvTlq9inKvHfOw86HSWvCSUFko+dXZhe8v1frK/YvqoZIGXQhc0zQNa80Yarnbe/rSby6w0Qjbdp/tbRhF5+EmN4McLonm8QQiCyAgSW3k9g0T2I3JZ4T0Ni+0Gi72x1dqsTJg+VzB5lAIS0LZ5ubZfgBGZCsEQAi9zMpWUTWfsHVE1dqk32KyD47CMYJf27RTxNENMg8Phf4J0zybkrAEmL6Jr/Qdc2uI5ZPNtEOLIunbKqMT8lgGmZC4Fg2XDDNTywz1SS3H0EYi3aNyS+BTOcxW8CMidEYOn9yH75qTZVXUvs/Z2u/Yf3lUwZZgBkeW3jxykBhOYhgB9McHH7WpPYdgBV0xbtipws/It/6HrWrxeeKWPxTB0H0lGcDkdJfroPHYm59p8/voWjEg8DyFkvhYsQTAp6YebIdAF0LI51+AT6WnPbohNHYY50N3nXDSnx3TuPVDhrK+zzl7BOnHftPqvUwO8BLZhc9lJzX6ltOQ8Q44vdQ2K7qha7uhYsu02AeZN7RPup+W4bg8gKpp51YzPWn8+49vWZ8L1BzsExLTlXgi4DmDDY3YqoC5c7aB/AO2tCzzBvgczPxRw9JPWswzHUucx5zcSSFk0Lpkonh4Uhhe4aVVca0OFoW4MQGMMH9QDtdhACo50X1rE4dk3mDLMk5aNEqQQxHGBQnvsO6OZwm9cFx9P63SPIm4HR3gNbthOmZAgOi/NbueoREugFkBt07QuJJNpWqUfRO7tHz39q3vycjg1JC51Muvbt1ca1l6Sl9NGagHe9Us+kkWkw0x1oJgTbkqrsrtl4PNAuTFD118DF1d8sOhsKTBPh6VooiVN0IppwJyVCQYS3XVjaGEYnrBsmmgmq7lrbg8dE9s5OObfOiMRTXJskUA/QEHGfWBb2QmT52xo02N9h4m4UqrIm9VsEfMiigox969u4NkjQZ8ApOrlB9u/TFjG2ILn7cLeJ6WjX5R2dtEgeaaugiFAAY0Rxxv6VV1u5ilNSII4DnL3sfoTkgEJkUWGHe5DYfrBb+a9qjhJ96wMSe46i25nizrDPVTs5dSut3GzMscMy9j9X27q2PiHR7AM4UpFhB7ICeMaPQOS07ULy0DGsro6RUsQ2biW86j8JP/8bYm9vxr54xbVrYvPnkGwJVUwDY+RgjKEDM059+HwqrNkrk6baDuijFTaZ7qZ37m0dQl5d30jstx+BchcawDpZQfTfNkE0jnX0BJHX3ibyq/UkD3yDbhdXqdp64pt3g+0sLkJBfPOnI3zudaNYEr6uVADaMtQuuX9ZqAb4UzTh1CrdYJSW4Jk+Hvwt1shWxD/8jMRnme+CzM/Fv3ABoqAXaFCX64lt+pTmX64lvvGPqPpGsBWxjX/EPl0BGhACc8xQvHdMyTjv7hM2sSSg2b9/WajGABh0+zK/gPmRBNw1Lj0kFaaBMaAPiU/2oxuaACduV5euYE4sReb3Sh+TFcAcOwzP1HGoqw2oc9WQtFAXr2AdOYG6dBVVWUNsw1ZUdcvR8nkIrXwMz7gRGb39v36SpKpeI4ReXbFj1UEDoOjOZ88YSj5RXa+9M0ca5Ge7JOV5OYiAr+UCK1AadfEK6nwN5ugSZGHv9DF+L3JAX7wzxiP7F2IfO4tuiqCbI1jHviW59yjqYltBzP/w3QR+eh8ig1c+dUnxm20WQDhp2j+t2rY6agBUbVsdLZ63rBCY2hCBO8a67IKUmLcMR9XWYR0+4TTaCvtsFdZXJzH6FyAH9UtL7oUUiOwgngkj8c66FXWxFvtbZzeIJ1Je3bx1FDlrliGC/s5Lp/DK5iQVVzVa88a+5aH3oV1VQkleBcK7jtvsO+1+F4RpkP3yz/A98P02s6oU1p+Oce2RcpoeW0Vi1yFUQxM6nkAnkuhE0gkIIzHs1sqcka4gz5RbwJSuFQmAA2dV6x1t8mqVqgt1LGytjDyrNS8PzBO8ucRPML0wBzjVufCqN4lt2Iq+1pTmE0SfPIySImR+bxCg6hpQpy+g2pcWRYsgtkrtgmfmREIvPY4xbFCHom9zXLN4XZzqeo0QPL17efC11v86qKLwxy8eMMPW3Y1RiqrqNfPGuNf2hWngmTYOo6Q/+kqD423bHQfCUVRVLfbpCuxTFU5W15qkS4HICWGOHOxoXQjHMCiNqrhE4tP9CL8P2SfPKckbktUfJjlaodCCL2N9AksufrQiZb87MLz40Qo1cM7ybUKoRedqtc8wBBOK3QMqYZoYpYPxzrkVo7A3+Jz3AHg94DERhuEI5PMgsgLIglxkcRGeCSPx/XAOwb/7K/wP34M5shhd3+Rc5qSFbgyT+OIo6moDnnEjWP9VgD8ctACahZB37X/Kc7kDDzdyM1dE7tOCTQKMpxZ4uK9zeb0ztEZda8Y+XYl9tgpVdw3dGEY3R5wXHMEAsm8ecnAR5ohiZEGvDmbSrqwhtv4DYu/tRH1bDT4v3rum8cmDT/D6wRCAjdA/2rM864M0RWbiNPOF8KMasRZg4XSTx+5w94w9BR1PEt+6m9jGj9FNYT58+Of8+6kCcCqnj+55Pus/3MZ1+xXTnFEG/3iPh5C/59PJVmilaPqmglf3Bth+OQcczT+xZ3nW2kxjumQza2X4XqXFb4HsAb0FT833UDbsOt+pdhP7Ttu8tjXJxQYN6EYED7kdm/boljpnr4yNsJ3XrBPBqY4tnm0yol/P5McnLyne3GWlYjEt+FLb8sG95f7TXY3t9nmYW65Ny4g+oTUrgWwBTBlmMH+8waxSA1/3c3IA4hZ8ftxmy1GLg2dVhxfd9Tq46s/lInMCcSMCtGLWS+EiZYlnEDwKZAH4PU65b2KJQUmBYFC+JK/zpwZhJ5M6V6s5fN7m60rlRJUOwgLWmkq9cr0fgNzUxx4ey/xL4CfAlBuYS6PZL6T+nW1bG/eW59Z1PSQdPWJSppc39RHCmIdgKohRoIcAhXT83KYWxDnQx9Hs09re8UV59uXMs3YP/wdQ0zy1ldnTqAAAAABJRU5ErkJggg==)
"
`;
